Expansion check: B_k(h) = 3/2 - 3/(4k) + (3 eta/8 - 3 phi/4)/k^2 + ... for h = j/20.
A(0) and A(1) agree with the 80-digit certificates.
h = 0.0  A(h) = 1.77717998790542318853   defect k = []
h = 0.1  A(h) = 1.81165242216498384643   defect k = []
h = 0.2  A(h) = 1.84656110391525812390   defect k = []
h = 0.3  A(h) = 1.88193090850492005059   defect k = []
h = 0.4  A(h) = 1.91778910386579519465   defect k = []
h = 0.5  A(h) = 1.95416566875718820553   defect k = []
h = 0.6  A(h) = 1.99109366502007222591   defect k = []
h = 0.7  A(h) = 2.02860967504248768353   defect k = []
h = 0.8  A(h) = 1.79136376692316466483   defect k = [2]
h = 0.9  A(h) = 1.71058879668357760301   defect k = [2, 4, 6]
h = 1.0  A(h) = 1.64641765344056003385   defect k = []
h = 1.1  A(h) = 1.68540927984519254166   defect k = []
h = 1.2  A(h) = 1.72522298644580487332   defect k = []
h = 1.3  A(h) = 1.76593093399553237032   defect k = []
h = 1.4  A(h) = 1.80761545426071004662   defect k = []
h = 1.5  A(h) = 1.85037100319760386237   defect k = []
h = 1.6  A(h) = 1.89430659248852641907   defect k = []
h = 1.7  A(h) = 1.93954884347275647631   defect k = []
h = 1.8  A(h) = 1.85080406850513608457   defect k = [3]
h = 1.9  A(h) = 1.81744086731722354793   defect k = [3, 5, 7]
A(h*-) ~ [2.03182592707095 +/- 1.55e-15], A(h*+) ~ [1.75753404189389 +/- 3.31e-15], jump [0.274291885177055 +/- 1.56e-16], predicted [0.274291885177432 +/- 2.35e-16]
$0.0$ & 1.7771799879 & $1.0$ & 1.6464176534 \\
$0.1$ & 1.8116524222 & $1.1$ & 1.6854092798 \\
$0.2$ & 1.8465611039 & $1.2$ & 1.7252229864 \\
$0.3$ & 1.8819309085 & $1.3$ & 1.7659309340 \\
$0.4$ & 1.9177891039 & $1.4$ & 1.8076154543 \\
$0.5$ & 1.9541656688 & $1.5$ & 1.8503710032 \\
$0.6$ & 1.9910936650 & $1.6$ & 1.8943065925 \\
$0.7$ & 2.0286096750 & $1.7$ & 1.9395488435 \\
$0.8$ & 1.7913637669 & $1.8$ & 1.8508040685 \\
$0.9$ & 1.7105887967 & $1.9$ & 1.8174408673 \\
seconds: 5.3
