Exact product, partial fractions and digamma checks passed.
Exact full-game equilibria and both neighbor identities verified through n = 200
Factorial-moment polynomials independently checked against all weights.
Exact polynomial expansions constructed.
coefficient 0 even 3/2 odd 3/2
coefficient 1 even -3/4 odd -3/4
coefficient 2 even 3/8 odd -3/8
coefficient 3 even -9/20 odd 57/40
coefficient 4 even 291/160 odd -219/160
coefficient 5 even -2859/560 odd -327/280
coefficient 6 even 6417/560 odd 17793/2240
coefficient 7 even -203421/8960 odd -168561/8960
coefficient 8 even 390009/8960 odd 274299/8960
coefficient 9 even -16999929/197120 odd -3853977/98560
coefficient 10 even 72010731/394240 odd 18016791/394240
geometric_bound: [1.3052111232351472870122958483777874220613119777688531364532252071972925716571705381573792758488683602507412576e-71 +/- 5.14e-181]
polynomial_bound: [1.9570563245614544296473452229295679602815583216709514837488484450390581546439358857854537795153262234332698841e-79 +/- 5.74e-190]
sum_e: [0.2570980377977675524213691301515475449990460757503018742149474137540540 +/- 3.41e-71]
C_prime: [1.6758137108783820930335149374102542782825734262046408248893780124095968 +/- 3.90e-71]
A: [1.7771799879054231885280182162763415624255710320702643742928815934456219 +/- 5.50e-71]
remainder_after_pi2_32: [0.5655231753318100092599469738976772679775991822265765812903645817609304 +/- 3.48e-71]
radius_sum_e: [1.3052111451316614282078611211661393348378269550455817114558829205448077240959286569661131594808353891246661027e-71 +/- 4.46e-181]
S_1e20: [7969925.7832477828594228242506129748103687950038293747745202791525363953563045 +/- 5.16e-71]
seconds: 2.883779100026004
