Exact product, partial fractions and digamma checks passed.
Exact full-game equilibria and both neighbor identities verified through n = 200
Factorial-moment polynomials independently checked against all weights.
Exact polynomial expansions constructed.
coefficient 0 even 3/2 odd 3/2
coefficient 1 even -3/4 odd -3/4
coefficient 2 even 3/8 odd -3/8
coefficient 3 even -9/20 odd 57/40
coefficient 4 even 291/160 odd -219/160
coefficient 5 even -2859/560 odd -327/280
coefficient 6 even 6417/560 odd 17793/2240
coefficient 7 even -203421/8960 odd -168561/8960
coefficient 8 even 390009/8960 odd 274299/8960
coefficient 9 even -16999929/197120 odd -3853977/98560
coefficient 10 even 72010731/394240 odd 18016791/394240
geometric_bound: [3.480503678738973910886054754799566941432792986367074606540388876123473677491540377980492082864402988075189750320431516540553686621287735313868006873466556969180e-100 +/- 4.63e-261]
polynomial_bound: [1.255710270387851550143983768284254896215449490242425532612147562632167909093218980701533426775899869699276291841024969208307639351914958368239502611516261580494e-109 +/- 3.19e-269]
sum_e: [0.257098037797767552421369130151547544999046075750301874214947413754054020950913540262301062096175186 +/- 5.13e-100]
C_prime: [1.675813710878382093033514937410254278282573426204640824889378012409596774132334962940409235372634876 +/- 6.49e-100]
A: [1.777179987905423188528018216276341562425571032070264374292881593445621941944563525757347342326963227 +/- 7.36e-100]
remainder_after_pi2_32: [0.565523175331810009259946973897677267977599182226576581290364581760930421651513704106106480962379943 +/- 4.28e-100]
radius_sum_e: [3.480503687672404569025277548177445192652689886808462800890085424231875173911519336774727548088593510042263904029681926105986486912468421779854556483087435676012e-100 +/- 2.15e-260]
S_1e20: [7969925.783247782859422824250612974810368795003829374774520279152536395356304461461894195644795956687664993 +/- 7.57e-100]
seconds: 3.131321699998807
