Exact product, partial fractions and digamma checks passed.
Exact full-game equilibria and both neighbor identities verified through n = 200
Factorial-moment polynomials independently checked against all weights.
Exact polynomial expansions constructed.
coefficient 0 even 3/2 odd 3/2
coefficient 1 even -3/4 odd -3/4
coefficient 2 even -3/8 odd 3/8
coefficient 3 even 57/40 odd -9/20
coefficient 4 even -219/160 odd 291/160
coefficient 5 even -327/280 odd -2859/560
coefficient 6 even 17793/2240 odd 6417/560
coefficient 7 even -168561/8960 odd -203421/8960
coefficient 8 even 274299/8960 odd 390009/8960
coefficient 9 even -3853977/98560 odd -16999929/197120
coefficient 10 even 18016791/394240 odd 72010731/394240
geometric_bound: [3.480503678738973910886054754799566941432792986367074606540388876123473677491540377980492082864402988075189750320431516540553686621287735313868006873466556969180e-100 +/- 4.63e-261]
polynomial_bound: [1.255710270387851550143983768284254896215449490242425532612147562632167909093218980701533426775899869699276291841024969208307639351914958368239502611516261580494e-109 +/- 3.19e-269]
sum_e: [0.387860372262630707094903230442075821121620269120648718434468752099587712694728498393552958839018597 +/- 7.26e-100]
C_prime: [1.545051376413518938359980837119726002159999232834293980669856674064063082388520004809157338629791465 +/- 5.90e-100]
A: [1.646417653440560033854484115985813286302996838699917530073360255100088250200748567626095445584119815 +/- 4.19e-100]
remainder_after_pi2_32: [0.079435234728588250256325386695946098143067162644374011359051584092711311994128334549747539972813840 +/- 4.81e-100]
radius_sum_e: [3.480503687672404569025277548177445192652689886808462800890085424231875173911519336774727548088593510042263904029681926105986486912468421779854556483087435676012e-100 +/- 2.15e-260]
seconds: 0.3183738999941852
